2
a
aa
abel
abraham
adam
adler
aha
aid
albert
alex
alexander
alfred
alice
alten
altmann
american
andre
andreas
angele
angst
anna
anni
antiquities
anton
ao
apa
apo
arno
arnold
aron
arson
art
arthur
artistic
artur
asch
august
augustin
awa
backe
bahnhof
bank
banka
barbara
barr
basia
basse
be
beck
becker
beer
beg
bela
benjamin
bernard
bernd
betty
bismarck
bock
bomb
book
boris
brandt
bruno
bunker
bureau
busch
busse
cabaret
cafe
camp
camps
canaris
carl
carlo
cemetery
charles
charlotte
christmas
churchill
city
clemens
conrad
constantin
conversion
cooper
cremer
cross
csu
curtis
d
da
daad
dad
daf
dag
dai
damian
danen
daniel
dap
darre
david
daz
ddr
de
dek
denis
deutsch
dietrich
dina
domi
donitz
dora
dubois
eastern
edgar
edmund
edwin
eig
einstein
elisabeth
elli
elliot
else
emanuel
emil
emma
engel
english
erhard
erich
erna
ernest
ernst
err
erwin
esser
esten
ester
etienne
eugene
eva
faith
fanny
fao
faure
feder
felix
film
finnen
forest
forster
francois
frank
franquet
franz
franz josef
fred
frieda
friedrich
friendship
fritz
fu
fuchs
funk
gas chambers
gays
gba
george
georges
gerard
gerd
gerda
gerlach
german
ghetto
gilbert
giza
gold
goring
grau
grimm
guido
gunter
guru
haas
habsburg
hanne
hans
hansen
hartmann
hauser
heden
heike
heim
helmut
helmuth
henning
henry
herbert
hermann
hilda
hirschfeld
hjalmar
hohne
horst
hospital
hubert
hugo
i
id
ii
iii
ilse
industrie
industry
inge
irk
ising
iv
ix
jacob
jacques
james
jan
janina
jean
jehovah s witnesses
jerome
jiri
joachim
johanna
johannes
joseph
juden
julien
julius
jung
justiz
kaiser
kanzlei
karl
karol
kate
kaufman
kds
keller
kempner
kinder
kino
kirche
klara
klaus
klein
klotz
koch
kohak
kohler
konstantin
koppe
korn
kpo
kruger
kube
kuhn
kultur
kurt
labor
lager
lander
langer
laval
leeuw
leo
leon
leopold
letter
levy
ley
lilly
lo
lothar
lotte
louis
louise
luc
lucie
luise
luther
lydia
mae
magazine
maier
mail
male
map
marcel
margaret
maria
marie
marie louise
marie therese
mario
martha
martin
martina
marx
mary
mau
maurice
max
may
mayer
memorial
meyer
michael
michel
miklos
militar
miller
mina
ministry of foreign affairs
money
mord
moritz
moser
muller
museum
music
nebe
nikolaus
nora
nordost
north
o
olga
omer
opera
ora
ormond
oskar
oss
ost
osten
ot
otto
ow
pacelli
painter
pan
panzer
patrick
paul
paula
payment
peace
peter
peters
peterson
philippe
pierre
plan
poles
police
polit
poster
prison
project
r
rad
rahn
railway
ransom
raoul
rape
rath
raymond
raymonde
red
red cross
reform
reg
rene
renee
research
rex
richard
rita
robert
roder
roland
roman
rosenberg
roth
rubin
rudi
rudolph
rusha
russen
sa
sack
saj
salomon
san
sap
sara
sauer
saz
scharf
schmidt
schmitt
schneider
school
schreiber
schroder
schubert
schutz
schwarz
sdr
serben
service
shek
ship
simon
singer
solomon
song
speer
stamp
stark
stern
stock
story
streicher
sud
thomas
tito
totenkopf
town
trader
train
trial
turner
uro
ursula
v
vader
van
verlage
vi
victor
vii
viii
village
visa
von
wachter
wagner
wall
walter
war
wartenberg
weber
weise
weiss
west
westen
willi
winkler
winston
winter
witzleben
wladimir
wolf
wright
xavier
xi
xii
yvonne
zentrum
zero
