aankomst
abba
abs
abt
accuse
adele
agnes
aktion
album
alex
alexander
alfred
alina
alma
ambassador
amend
american
ang
angela
anna
anna maria
annual
anthem
antiquities
apel
archive
arnold
aron
arrest
arson
arthur
artur
aryan
assurance
baby
bagage
bail
baker
bank
banka
bankers
bau
bay
bayer
becker
bela
bene
berry
biology
birthday
board
borah
boris
boys
braemer
brief
bruno
bunker
burial
butterfly
cafe
calendar
camp
camps
care
carl
catholic church
cato
cemetery
central
choir
christen
christmas
church
churches
city
civil
clay
co
combat
commander
commerce
committee
committees
commonwealth
compensation
congress
convention
conversion
cooks
coupon
court
coward
cross
crossman
curfew
dans
darre
deeg
defense
destiny
diary
dietrich
ditch
div
dobbs
dok
donation
dutch
dwight
eastern
eckard
edelstein
edmondson
eenzaamheid
egon
eh
eisen
elementary
elliot
emanuel
emigrant
emil
english
enterprise
erasmus
est
eten
eulogy
europa
eva
exil
exile
expectations
fadner
faith
fence
film
fire
fireman
fischer
forest
formal
forster
franco
frank
franz josef
fred
freedom
friendship
front
ga
game
garden
gas
gas chambers
gaul
gays
geiger
gelb
gendarmerie
gender
gentiles
george
gerd
gerda
germans
geza
ghetto
gob
gold
gordon
governors
greek
greely
grey
guardian
guide
guy
harding
harold
hartman
hass
health
heden
heinze
henry
heritage
hermann
higa
hill
hochschulen
home
hoss
house
hugo
hygiene
immigrant
industrie
industry
inge
inia
interior
irena
isabella
ising
islam
item
jacob
jacobs
jakko
jan
joh
johannes
johnson
jon
jorg
jos
jud
judges
junior
justice
kama
kammern
kamnari
kath
kathe
keller
kind
kinder
kindergarten
kirche
klassen
koala
kohle
kolonie
komintern
kommunist
konrad
koppe
kove
kritik
kultur
kultura
labor
lager
lander
law
laws
legal
legion
leisure
leo
leopold
lett
letter
liberty
library
liliane
lloyd
local
lothar
louis
ma
macdonald
mach
mady
magazine
mahin
mahlo
mail
male
maler
manasse
mangan
manual
map
marathon
marie-louise
marine
mario
markon
mary
masons
mass
match
mayer
meal
media
memorial
men
mendel
mengele
meyer
militar
militia
miller
min
miss
mix
moller
monastery
monogram
morris
mosaic
musea
music
mussolini
musy
name
napola
national
neb
ned
negative
neptune
neun
new year
nicholas
no
northland
notice
novella
nusia
offerman
oil
old
oliver
opera
opposition
optima
orchard
org
orphan
orthodox church
oswald
otto
outlook
pa
page
paiting
pan
parent
partisan
pass
passport
path
patria
paul
pay
payment
peace
pem
penalty
pensioner
person
persons
pharmacy
philipp
photo
pierre
plans
poet
poetry
polit
politic
pope
post
poster
poverty
prava
press
price
princess
principal
prison
project
protection
quarry
quick
race
radio
ramon
ransom
raoul
reading
rebellion
red
red cross
reform
reg
regent
register
reichert
remer
rent
rente
request
research
resolution
result
revenge
review
revue
rex
richter
rose
rosenbaum
rothschild
ruin
running
sabena
salary
salomon
salvation
samaria
samuel
san
sanatorium
sapir
sara
schmidt
schmitt
schneider
schoenen
school
schrader
schubert
schultz
schuster
schweizer
security
selection
seminar
seminary
sender
sending
separation
serb
settlement
shamir
ship
shop
shops
siemens
silver
simons
singing
site
six
slovak
soap
social
soldat
song
sonia
sources
spala
spelen
st
staa
stamp
stamps
station
stefania
steiner
strauss
street
students
sud
supply
supreme
swastika
symbol
synagogue
taboe
tank
tarbut
teacher
techow
television
theater
thomas
tiger
tombstone
topfer
torah
town
trade
trader
train
transporte
tree
trip
triumph
u
ungar
uniform
union
united nations
universal
uran
uranium
vader
village
vocal
voli
vomi
von
wagon
wais
wall
wandelen
war
wasag
wash
watercolor
weise
werner
west
west berlin
willi
winston
wolff
wolfram
wood
workshop
wright
yvonne
zero
