aankomst
abba
abs
abt
accuse
adele
agnes
aktion
album
alex
alexander
alfred
alina
alma
ambassador
amend
american
american embassy
ang
angela
anna
anna maria
annual
anthem
antiquities
apel
archive
arnold
aron
arrest
arson
art
arthur
artistic
artur
aryan
assurance
baby
bagage
bahnhof
bail
baker
bank
banka
bankers
banque
barrack
barracks
bau
bay
bayer
becker
bela
bene
berg
berry
biology
birth
birthday
bliss
board
boeken
bomb
book
borah
boris
boys
braemer
brand
brief
british
bruno
btl
bunker
burial
butterfly
cabaret
cafe
calendar
camp
camps
care
carl
cart
catholic church
cato
cemetery
central
chamber
chaos
charity
choir
christen
christmas
church
churches
city
civil
clay
clinic
club
co
combat
commander
commerce
committee
committees
commonwealth
company
compensation
conference
congress
contact
convention
conversion
cooks
coupon
court
coward
crafts
cross
crossman
curfew
dans
darre
deeg
defense
destiny
diary
dietrich
ditch
div
dobbs
doctor
dok
donation
dutch
dwight
eastern
echo
eckard
ecoles
edelstein
edmondson
eenzaamheid
egon
eh
eig
eisen
electric
elementary
elie
elliot
emanuel
emigrant
emil
engineer
english
enterprise
erasmus
essay
est
eten
eulogy
europa
eva
exhibition
exil
exile
expectations
fadner
faith
farm
fence
film
fire
fireman
firma
fischer
forest
formal
forster
franco
frank
franz josef
fred
freedom
friendship
front
ga
game
garden
gas
gas chambers
gaul
gays
geiger
gelb
gendarmerie
gender
gentiles
george
gerd
gerda
germans
geza
ghetto
gob
gold
gordon
goring
governors
grave
greek
greely
grey
guardian
guide
gustav
guy
harbour
harding
harold
hartman
hass
haven
headquarter
health
heden
heinze
henry
heritage
hermann
higa
hill
hochschulen
hollander
home
honger
hospital
hoss
house
hoyer
hugo
hygiene
ido
image
immigrant
index
industrie
industry
info
inge
inia
institut
interior
irena
isabella
ising
islam
item
jacob
jacobs
jakko
jan
joh
johannes
johnson
jon
jorg
jos
jud
judge
judges
junior
justice
justiz
kaiser
kama
kammern
kamnari
kath
kathe
katz
keller
kind
kinder
kindergarten
kirche
kirchen
kirchl
kitchen
klassen
koala
koch
kohle
kolonie
komintern
kommunist
konrad
koppe
kove
kritik
kultur
kultura
labor
lager
lander
lange
la patrie
later
law
laws
lawyer
lawyers
league
leers
legal
leger
legion
leisure
leo
leopold
lett
letter
liberty
library
liliane
lloyd
local
lothar
louis
love
ma
macdonald
mach
mady
magazine
mahin
mahlo
mail
male
maler
manasse
mangan
manual
map
marathon
maria
marie-louise
marine
mario
markon
mary
masons
mass
match
mayer
meal
media
memorial
men
mendel
mengele
meyer
militar
militia
milk
miller
min
ministry of foreign affairs
ministry of the interior
miss
mix
moller
monastery
money
monogram
monument
moord
morris
mosaic
musea
museum
music
mussolini
musy
name
napola
national
neb
ned
negative
neptune
neun
new year
nicholas
no
northland
note
notice
novella
nusia
offerman
oil
old
oliver
olympic
o o
opera
opposition
optima
orchard
orden
org
orphan
orthodox church
oswald
otto
outlook
pa
page
painter
paiting
pan
paper
paradise
parent
partisan
pass
passover
passport
path
patria
paul
pay
payment
peace
pem
penalty
pensioner
pers
person
persons
pharmacy
philipp
photo
piano
pierre
plan
plans
plate
play
pocket
poet
poetry
polit
politic
pope
post
poster
poverty
prava
press
price
princess
principal
print
prison
project
protection
quarantine
quarry
quick
race
radio
raids
railway
ramon
ransom
raoul
rape
ras
rathaus
reading
rebellion
record
red
red cross
reform
reg
regent
register
reichert
remer
rent
rente
request
research
resolution
result
retirement
return
revenge
review
revue
rex
richter
road
roads
rolf
roman catholic church
rose
rosenbaum
rothschild
ruin
running
russ
sabat
sabena
salary
salomon
salvation
samaria
samuel
san
sanatorium
sapir
sara
schmidt
schmitt
schneider
schoenen
school
schrader
schroder
schubert
schulen
schultz
schuster
schweizer
security
security department
selection
seminar
seminary
sender
sending
separation
serb
service
settlement
shamir
ship
shipyard
shoa
shop
shops
siemens
silver
simons
singing
sipho
site
six
slovak
soap
social
sofina
soldat
soldier
song
sonia
sources
spala
speculation
spelen
sport
spring
st
staa
stadium
stamp
stamps
station
stay
stefania
steiner
stella
story
strauss
street
students
sud
sudstrasse
supply
supreme
swastika
symbol
synagogue
table
tablo
taboe
tank
tarbut
teacher
techow
telegraph
telephone
television
tennis
terror
theater
thomas
tiger
tod
tombstone
topfer
torah
town
townhouse
trade
trader
train
transporte
tree
trial
trip
triumph
twins
u
ungar
uniform
union
united nations
universal
university
uran
uranium
va
vader
veteran
village
violin
vocal
voli
vomi
von
wachter
wagon
wais
wall
wandelen
war
wasag
wash
watercolor
watercolour
wedding
weise
welfare
werner
west
west berlin
willi
winston
wolff
wolfram
wood
workshop
wright
youth
yvonne
zentrum
zero